[gesia.io/index.html]
[backblue.gif]
[fade.gif]
[index.html]
[gesia.io/common/resources/meta/cb-meta_kakao.png]
[gesia.io/assets/images/favicon.png]
[gesia.io/common/js/jquery.min.js]
[gesia.io/common/js/jquery.number.min.js]
[gesia.io/common/js/fullPage.min.js]
[cdn.jsdelivr.net/npm/swiper@10/swiper-bundle.min.css]
[cdn.jsdelivr.net/npm/swiper@10/swiper-bundle.min.js]
[gesia.io/common/resources/img-slide1.jpg]
[gesia.io/common/resources/img-slide2.jpg]
[gesia.io/common/resources/img-slide3.jpg]
[gesia.io/common/js/commond5b4.js]
[gesia.io/index.html]
[gesia.io/common/css/reset7021.css]
[gesia.io/common/css/fullPage.css]
[cdn.jsdelivr.net/gh/orioncactus/pretendard/dist/web/static/pretendard.css]
[gesia.io/common/css/common7021.css]
[gesia.io/common/resources/icon/icon-plus.png]
[gesia.io/common/resources/logo-gesiaplatformFull.png]
[gesia.io/common/resources/icon/icon-arrowLeft.png]
[gesia.io/common/resources/icon/icon-arrowRight.png]
[gesia.io/common/resources/icon/icon-arrowRightLong.png]
[gesia.io/common/resources/icon/icon-menu.png]
[gesia.io/common/resources/icon/icon-platform1.png]
[gesia.io/common/resources/icon/icon-platform2.png]
[gesia.io/common/resources/icon/icon-platform3.png]
[gesia.io/common/resources/icon/icon-commu1.png]
[gesia.io/common/resources/icon/icon-commu2.png]
[gesia.io/common/resources/icon/icon-commu3.png]
[gesia.io/common/resources/icon/icon-commu4.png]
[gesia.io/common/resources/icon/img-object1.png]
[gesia.io/common/resources/icon/img-object2.png]
[gesia.io/common/resources/icon/img-object3.png]
[gesia.io/common/resources/logo-gesiaplatformC.png]
[gesia.io/common/resources/logo-gesiaplatform.png]
[gesia.io/common/css/layout7021.css]
[gesia.io/common/resources/img-buildit1.png]
[gesia.io/common/resources/img-buildit2.png]
[gesia.io/common/resources/img-buildit3.png]
[gesia.io/common/css/contents7021.css]
[gesia.io/common/css/response7021.css]
[cdn.jsdelivr.net/npm/swiper@10/swiper-bundle.min.css]
[cdn.jsdelivr.net/gh/orioncactus/pretendard/dist/web/static/pretendard.css]
